=== Jenkins维护日志 ===
时间: 2026-02-07 00:11:38
分支: dev
提交信息: chore(config): improve by Jenkins
工作目录: /var/lib/jenkins/workspace/activity-log
=== 结束 ===
=== Jenkins维护日志 ===
时间: 2026-02-07 00:19:28
分支: dev
提交信息: docs(README): update by Jenkins
工作目录: /Users/keke/kekegdsz/workspace/activity-log
=== 结束 ===
=== Jenkins维护日志 ===
时间: 2026-02-07 09:30:05
分支: dev
提交信息: refactor(scripts): fix by Jenkins
工作目录: /var/lib/jenkins/workspace/activity-log
=== 结束 ===
=== Jenkins维护日志 ===
时间: 2026-02-07 17:30:05
分支: dev
提交信息: ci(config): cleanup by Jenkins
工作目录: /var/lib/jenkins/workspace/activity-log
=== 结束 ===
